2026-04-13 19:09:28.953 [restartedMain] INFO  c.q.clinic.clinicserver.ClinicServerApplication - Starting ClinicServerApplication using Java 21.0.1 with PID 48448 (D:\Wcke\000SourceCode\IDEAProjects\Clinic-Server\target\classes started by Wcke in D:\Wcke\000SourceCode\IDEAProjects\Clinic-Client)
2026-04-13 19:09:28.953 [restartedMain] INFO  c.q.clinic.clinicserver.ClinicServerApplication - The following 2 profiles are active: "common", "dev"
2026-04-13 19:09:29.051 [restartedMain] INFO  o.s.b.d.env.DevToolsPropertyDefaultsPostProcessor - Devtools property defaults active! Set 'spring.devtools.add-properties' to 'false' to disable
2026-04-13 19:09:29.051 [restartedMain] INFO  o.s.b.d.env.DevToolsPropertyDefaultsPostProcessor - For additional web related logging consider setting the 'logging.level.web' property to 'DEBUG'
2026-04-13 19:09:30.075 [restartedMain] INFO  o.s.d.r.config.RepositoryConfigurationDelegate - Multiple Spring Data modules found, entering strict repository configuration mode
2026-04-13 19:09:30.076 [restartedMain] INFO  o.s.d.r.config.RepositoryConfigurationDelegate - Bootstrapping Spring Data Elasticsearch repositories in DEFAULT mode.
2026-04-13 19:09:30.110 [restartedMain] INFO  o.s.d.r.config.RepositoryConfigurationDelegate - Finished Spring Data repository scanning in 23 ms. Found 0 Elasticsearch repository interfaces.
2026-04-13 19:09:30.120 [restartedMain] INFO  o.s.d.r.config.RepositoryConfigurationDelegate - Multiple Spring Data modules found, entering strict repository configuration mode
2026-04-13 19:09:30.121 [restartedMain] INFO  o.s.d.r.config.RepositoryConfigurationDelegate - Bootstrapping Spring Data Reactive Elasticsearch repositories in DEFAULT mode.
2026-04-13 19:09:30.131 [restartedMain] INFO  o.s.d.r.config.RepositoryConfigurationDelegate - Finished Spring Data repository scanning in 7 ms. Found 0 Reactive Elasticsearch repository interfaces.
2026-04-13 19:09:30.149 [restartedMain] INFO  o.s.d.r.config.RepositoryConfigurationDelegate - Multiple Spring Data modules found, entering strict repository configuration mode
2026-04-13 19:09:30.149 [restartedMain] INFO  o.s.d.r.config.RepositoryConfigurationDelegate - Bootstrapping Spring Data Redis repositories in DEFAULT mode.
2026-04-13 19:09:30.174 [restartedMain] INFO  o.s.d.r.config.RepositoryConfigurationDelegate - Finished Spring Data repository scanning in 8 ms. Found 0 Redis repository interfaces.
2026-04-13 19:09:31.211 [restartedMain] INFO  o.s.boot.web.embedded.tomcat.TomcatWebServer - Tomcat initialized with port 8700 (http)
2026-04-13 19:09:31.226 [restartedMain] INFO  org.apache.coyote.http11.Http11NioProtocol - Initializing ProtocolHandler ["http-nio-8700"]
2026-04-13 19:09:31.228 [restartedMain] INFO  org.apache.catalina.core.StandardService - Starting service [Tomcat]
2026-04-13 19:09:31.228 [restartedMain] INFO  org.apache.catalina.core.StandardEngine - Starting Servlet engine: [Apache Tomcat/10.1.40]
2026-04-13 19:09:31.291 [restartedMain] INFO  o.a.c.core.ContainerBase.[Tomcat].[localhost].[/] - Initializing Spring embedded WebApplicationContext
2026-04-13 19:09:31.291 [restartedMain] INFO  o.s.b.w.s.c.ServletWebServerApplicationContext - Root WebApplicationContext: initialization completed in 2239 ms
2026-04-13 19:09:31.747 [restartedMain] INFO  com.qkplm.clinic.libcommon.config.BQJwtConfig - BQJwtUtils初始化完成
2026-04-13 19:09:33.097 [restartedMain] INFO  c.q.c.libcommon.security.BQSecurityPermissionUtils - 初始化系统所有权限耗时: 425ms
2026-04-13 19:09:33.098 [restartedMain] INFO  c.q.c.c.s.i.security.BQSecurityUserDetailsService - 首次装载后，缓存系统权限，耗时：429ms
2026-04-13 19:09:33.233 [restartedMain] INFO  o.s.s.c.a.a.c.InitializeUserDetailsBeanManagerConfigurer$InitializeUserDetailsManagerConfigurer - Global AuthenticationManager configured with UserDetailsService bean with name BQSecurityUserDetailsService
2026-04-13 19:09:36.273 [restartedMain] INFO  o.s.b.a.web.servlet.WelcomePageHandlerMapping - Adding welcome page: class path resource [static/index.html]
2026-04-13 19:09:36.333 [restartedMain] INFO  com.qkplm.clinic.libcommon.utils.BQIOUtils - url:file:/D:/Wcke/000SourceCode/IDEAProjects/Clinic-Server/target/classes/static
2026-04-13 19:09:36.333 [restartedMain] INFO  com.qkplm.clinic.libcommon.utils.BQIOUtils - protocol:file
2026-04-13 19:09:36.333 [restartedMain] INFO  com.qkplm.clinic.clinicserver.config.BQWebConfig - staticPath:classpath:/static/
2026-04-13 19:09:37.094 [restartedMain] INFO  o.s.b.d.autoconfigure.OptionalLiveReloadServer - LiveReload server is running on port 35729
2026-04-13 19:09:37.543 [restartedMain] INFO  org.apache.coyote.http11.Http11NioProtocol - Starting ProtocolHandler ["http-nio-8700"]
2026-04-13 19:09:37.555 [restartedMain] INFO  o.s.boot.web.embedded.tomcat.TomcatWebServer - Tomcat started on port 8700 (http) with context path '/'
2026-04-13 19:09:37.571 [restartedMain] INFO  c.q.clinic.clinicserver.ClinicServerApplication - Started ClinicServerApplication in 9.11 seconds (process running for 11.083)
